<html>
<body>
<pre>
<h1>µVision Build Log</h1>
<h2>Tool Versions:</h2>
IDE-Version: µVision V5.21.1.0
Copyright (C) 2016 ARM Ltd and ARM Germany GmbH. All rights reserved.
License Information: R Wang, none, LIC=----
 
Tool Versions:
Toolchain:       MDK-Lite  Version: 5.21a
Toolchain Path:  H:\Keil_v5\ARM\ARMCC\Bin
C Compiler:      Armcc.exe V5.06 update 3 (build 300)
Assembler:       Armasm.exe V5.06 update 3 (build 300)
Linker/Locator:  ArmLink.exe V5.06 update 3 (build 300)
Library Manager: ArmAr.exe V5.06 update 3 (build 300)
Hex Converter:   FromElf.exe V5.06 update 3 (build 300)
CPU DLL:         SARMCM3.DLL V5.21a
Dialog DLL:      DCM.DLL V1.13.8.0
Target DLL:      lmidk-agdi.dll V???
Dialog DLL:      TCM.DLL V1.14.14.0
 
<h2>Project:</h2>
I:\projects\TM4C_learning\3_PWM_HAL\project.uvprojx
Project File Date:  02/20/2021

<h2>Output:</h2>
*** Using Compiler 'V5.06 update 3 (build 300)', folder: 'H:\Keil_v5\ARM\ARMCC\Bin'
Build target 'Target 1'
compiling main.c...
src\BSP/BSP_pll.h(13): warning:  #1-D: last line of file ends without a newline
  #endif
src\main.c(45): warning:  #223-D: function "PLL_Initialize" declared implicitly
      PLL_Initialize();
src\main.c(92): warning:  #128-D: loop is not reachable
      for(;;) {}
src\main.c: 3 warnings, 0 errors
linking...
Program Size: Code=3908 RO-data=852 RW-data=16 ZI-data=352  
".\Objects\project.axf" - 0 Error(s), 3 Warning(s).

<h2>Collection of Component include folders:</h2>
  I:\projects\TM4C_learning\3_PWM_HAL\RTE
  C:\Users\richw\AppData\Local\Arm\Packs\Keil\TM4C_DFP\1.1.0\Device\Include\TM4C123

<h2>Collection of Component Files used:</h2>
Build Time Elapsed:  00:00:01
</pre>
</body>
</html>
